// Jest Snapshot v1, https://goo.gl/fbAQLP

exports[`Should VideoPlayer render correctly 1`] = `
<video
  height="175"
  poster="img/what-we-do-in-the-shadows.jpg"
  width="280"
>
  <source />
</video>
`;
