// Jest Snapshot v1, https://goo.gl/fbAQLP

exports[`Should TabsDetails render correctly 1`] = `
<div
  className="movie-card__text movie-card__row"
>
  <div
    className="movie-card__text-col"
  >
    <p
      className="movie-card__details-item"
    >
      <strong
        className="movie-card__details-name"
      >
        Director
      </strong>
      <span
        className="movie-card__details-value"
        style={
          Object {
            "whiteSpace": "pre-line",
          }
        }
      >
        Wes Andreson
      </span>
    </p>
    <p
      className="movie-card__details-item"
    >
      <strong
        className="movie-card__details-name"
      >
        Starring
      </strong>
      <span
        className="movie-card__details-value"
        style={
          Object {
            "whiteSpace": "pre-line",
          }
        }
      >
        Bill Murray, 
Edward Norton, 
Jude Law, 
Willem Dafoe, 
Saoirse Ronan, 
Tony Revoloru, 
Tilda Swinton, 
Tom Wilkinson
      </span>
    </p>
  </div>
  <div
    className="movie-card__text-col"
  >
    <p
      className="movie-card__details-item"
    >
      <strong
        className="movie-card__details-name"
      >
        Run Time
      </strong>
      <span
        className="movie-card__details-value"
        style={
          Object {
            "whiteSpace": "pre-line",
          }
        }
      >
        01h 52m 
      </span>
    </p>
    <p
      className="movie-card__details-item"
    >
      <strong
        className="movie-card__details-name"
      >
        Genre
      </strong>
      <span
        className="movie-card__details-value"
        style={
          Object {
            "whiteSpace": "pre-line",
          }
        }
      >
        Comedy
      </span>
    </p>
    <p
      className="movie-card__details-item"
    >
      <strong
        className="movie-card__details-name"
      >
        Released
      </strong>
      <span
        className="movie-card__details-value"
        style={
          Object {
            "whiteSpace": "pre-line",
          }
        }
      >
        2014
      </span>
    </p>
  </div>
</div>
`;
